../Core/Src/main.c:83:5:main	8	static
../Core/Src/main.c:172:6:SystemClock_Config	88	static
../Core/Src/main.c:220:13:MX_TIM2_Init	32	static
../Core/Src/main.c:265:13:MX_USART2_UART_Init	8	static
../Core/Src/main.c:298:13:MX_GPIO_Init	48	static
../Core/Src/main.c:338:6:configureTimerForRunTimeStats	4	static
../Core/Src/main.c:343:15:getRunTimeCounterValue	4	static
../Core/Src/main.c:357:6:StartDefaultTask	16	static
../Core/Src/main.c:376:6:HAL_TIM_PeriodElapsedCallback	16	static
../Core/Src/main.c:398:6:Error_Handler	4	static,ignoring_inline_asm
